45.5.0.3 - - [25/Mar/2021:13:45:32 -0300] "GET /etiqueta.buscarProductos?producto=com&tipoBusqueda=1 HTTP/1.1" 200 1262 "http://mercado-artesanal.com.ar/ventas.php" "Mozilla/5.0 (X11; Ubuntu; Linux x86_64; rv:69.0) Gecko/20100101 Firefox/69.0"
45.5.0.3 - - [25/Mar/2021:13:45:33 -0300] "GET /etiqueta.buscarProductos?producto=combo&tipoBusqueda=1 HTTP/1.1" 200 651 "http://mercado-artesanal.com.ar/ventas.php" "Mozilla/5.0 (X11; Ubuntu; Linux x86_64; rv:69.0) Gecko/20100101 Firefox/69.0"
45.5.0.3 - - [25/Mar/2021:13:45:39 -0300] "POST /ventas_post.php HTTP/1.1" 200 630 "http://mercado-artesanal.com.ar/ventas.php" "Mozilla/5.0 (X11; Ubuntu; Linux x86_64; rv:69.0) Gecko/20100101 Firefox/69.0"
181.20.71.92 - - [25/Mar/2021:13:46:17 -0300] "GET /etiqueta.buscarProductos?producto=g&tipoBusqueda=1 HTTP/1.1" 200 11765 "http://mercado-artesanal.com.ar/ventas.php" "Mozilla/5.0 (Windows NT 5.1) AppleWebKit/537.36 (KHTML, like Gecko) Chrome/49.0.2623.112 Safari/537.36"
181.20.71.92 - - [25/Mar/2021:13:46:17 -0300] "GET /etiqueta.buscarProductos?producto=go&tipoBusqueda=1 HTTP/1.1" 200 5177 "http://mercado-artesanal.com.ar/ventas.php" "Mozilla/5.0 (Windows NT 5.1) AppleWebKit/537.36 (KHTML, like Gecko) Chrome/49.0.2623.112 Safari/537.36"
181.20.71.92 - - [25/Mar/2021:13:46:18 -0300] "GET /etiqueta.buscarProductos?producto=gorr&tipoBusqueda=1 HTTP/1.1" 200 833 "http://mercado-artesanal.com.ar/ventas.php" "Mozilla/5.0 (Windows NT 5.1) AppleWebKit/537.36 (KHTML, like Gecko) Chrome/49.0.2623.112 Safari/537.36"
181.20.71.92 - - [25/Mar/2021:13:46:19 -0300] "GET /etiqueta.buscarProductos?producto=gorro&tipoBusqueda=1 HTTP/1.1" 200 833 "http://mercado-artesanal.com.ar/ventas.php" "Mozilla/5.0 (Windows NT 5.1) AppleWebKit/537.36 (KHTML, like Gecko) Chrome/49.0.2623.112 Safari/537.36"
181.20.71.92 - - [25/Mar/2021:13:46:23 -0300] "GET /etiqueta.buscarProductos?producto=GORRO+(18_ALAN0008448&tipoBusqueda=1 HTTP/1.1" 200 18 "http://mercado-artesanal.com.ar/ventas.php" "Mozilla/5.0 (Windows NT 5.1) AppleWebKit/537.36 (KHTML, like Gecko) Chrome/49.0.2623.112 Safari/537.36"
181.20.71.92 - - [25/Mar/2021:13:46:24 -0300] "GET /etiqueta.buscarProductos?producto=GORRO+(18_ALAN000844&tipoBusqueda=1 HTTP/1.1" 200 18 "http://mercado-artesanal.com.ar/ventas.php" "Mozilla/5.0 (Windows NT 5.1) AppleWebKit/537.36 (KHTML, like Gecko) Chrome/49.0.2623.112 Safari/537.36"
181.20.71.92 - - [25/Mar/2021:13:46:24 -0300] "GET /etiqueta.buscarProductos?producto=GORRO+(18_ALAN0008&tipoBusqueda=1 HTTP/1.1" 200 18 "http://mercado-artesanal.com.ar/ventas.php" "Mozilla/5.0 (Windows NT 5.1) AppleWebKit/537.36 (KHTML, like Gecko) Chrome/49.0.2623.112 Safari/537.36"
181.20.71.92 - - [25/Mar/2021:13:46:25 -0300] "GET /etiqueta.buscarProductos?producto=GORRO+(18_ALAN00&tipoBusqueda=1 HTTP/1.1" 200 18 "http://mercado-artesanal.com.ar/ventas.php" "Mozilla/5.0 (Windows NT 5.1) AppleWebKit/537.36 (KHTML, like Gecko) Chrome/49.0.2623.112 Safari/537.36"
181.20.71.92 - - [25/Mar/2021:13:46:26 -0300] "GET /etiqueta.buscarProductos?producto=GORRO+(&tipoBusqueda=1 HTTP/1.1" 200 18 "http://mercado-artesanal.com.ar/ventas.php" "Mozilla/5.0 (Windows NT 5.1) AppleWebKit/537.36 (KHTML, like Gecko) Chrome/49.0.2623.112 Safari/537.36"
181.20.71.92 - - [25/Mar/2021:13:46:27 -0300] "GET /etiqueta.buscarProductos?producto=GORRO+&tipoBusqueda=1 HTTP/1.1" 200 285 "http://mercado-artesanal.com.ar/ventas.php" "Mozilla/5.0 (Windows NT 5.1) AppleWebKit/537.36 (KHTML, like Gecko) Chrome/49.0.2623.112 Safari/537.36"
181.20.71.92 - - [25/Mar/2021:13:46:29 -0300] "GET /etiqueta.buscarProductos?producto=GORRO&tipoBusqueda=1 HTTP/1.1" 200 833 "http://mercado-artesanal.com.ar/ventas.php" "Mozilla/5.0 (Windows NT 5.1) AppleWebKit/537.36 (KHTML, like Gecko) Chrome/49.0.2623.112 Safari/537.36"
45.5.0.3 - - [25/Mar/2021:13:47:10 -0300] "GET /get_cliente.php?term=se HTTP/1.1" 200 22 "http://mercado-artesanal.com.ar/ventas.php" "Mozilla/5.0 (X11; Ubuntu; Linux x86_64; rv:69.0) Gecko/20100101 Firefox/69.0"
45.5.0.3 - - [25/Mar/2021:13:47:11 -0300] "GET /get_cliente.php?term=secre HTTP/1.1" 200 22 "http://mercado-artesanal.com.ar/ventas.php" "Mozilla/5.0 (X11; Ubuntu; Linux x86_64; rv:69.0) Gecko/20100101 Firefox/69.0"
45.5.0.3 - - [25/Mar/2021:13:47:12 -0300] "GET /get_cliente.php?term=secretar HTTP/1.1" 200 22 "http://mercado-artesanal.com.ar/ventas.php" "Mozilla/5.0 (X11; Ubuntu; Linux x86_64; rv:69.0) Gecko/20100101 Firefox/69.0"
45.5.0.3 - - [25/Mar/2021:13:47:14 -0300] "GET /get_cliente.php?term=secretaria HTTP/1.1" 200 22 "http://mercado-artesanal.com.ar/ventas.php" "Mozilla/5.0 (X11; Ubuntu; Linux x86_64; rv:69.0) Gecko/20100101 Firefox/69.0"
45.5.0.3 - - [25/Mar/2021:13:47:16 -0300] "GET /get_cliente.php?term=secretaria+ HTTP/1.1" 200 22 "http://mercado-artesanal.com.ar/ventas.php" "Mozilla/5.0 (X11; Ubuntu; Linux x86_64; rv:69.0) Gecko/20100101 Firefox/69.0"
45.5.0.3 - - [25/Mar/2021:13:47:18 -0300] "GET /get_cliente.php?term=secretaria+g HTTP/1.1" 200 22 "http://mercado-artesanal.com.ar/ventas.php" "Mozilla/5.0 (X11; Ubuntu; Linux x86_64; rv:69.0) Gecko/20100101 Firefox/69.0"
45.5.0.3 - - [25/Mar/2021:13:47:18 -0300] "GET /get_cliente.php?term=secretaria+ge HTTP/1.1" 200 22 "http://mercado-artesanal.com.ar/ventas.php" "Mozilla/5.0 (X11; Ubuntu; Linux x86_64; rv:69.0) Gecko/20100101 Firefox/69.0"
45.5.0.3 - - [25/Mar/2021:13:47:19 -0300] "GET /get_cliente.php?term=secretaria+gener HTTP/1.1" 200 22 "http://mercado-artesanal.com.ar/ventas.php" "Mozilla/5.0 (X11; Ubuntu; Linux x86_64; rv:69.0) Gecko/20100101 Firefox/69.0"
45.5.0.3 - - [25/Mar/2021:13:47:19 -0300] "GET /get_cliente.php?term=secretaria+genera HTTP/1.1" 200 22 "http://mercado-artesanal.com.ar/ventas.php" "Mozilla/5.0 (X11; Ubuntu; Linux x86_64; rv:69.0) Gecko/20100101 Firefox/69.0"
45.5.0.3 - - [25/Mar/2021:13:47:20 -0300] "GET /get_cliente.php?term=secretaria+general HTTP/1.1" 200 22 "http://mercado-artesanal.com.ar/ventas.php" "Mozilla/5.0 (X11; Ubuntu; Linux x86_64; rv:69.0) Gecko/20100101 Firefox/69.0"
45.5.0.3 - - [25/Mar/2021:13:47:22 -0300] "GET /get_cliente.php?term=secretaria+general+ HTTP/1.1" 200 22 "http://mercado-artesanal.com.ar/ventas.php" "Mozilla/5.0 (X11; Ubuntu; Linux x86_64; rv:69.0) Gecko/20100101 Firefox/69.0"
45.5.0.3 - - [25/Mar/2021:13:47:23 -0300] "GET /get_cliente.php?term=secretaria+general+de+ HTTP/1.1" 200 22 "http://mercado-artesanal.com.ar/ventas.php" "Mozilla/5.0 (X11; Ubuntu; Linux x86_64; rv:69.0) Gecko/20100101 Firefox/69.0"
45.5.0.3 - - [25/Mar/2021:13:47:24 -0300] "GET /get_cliente.php?term=secretaria+general+de+g HTTP/1.1" 200 22 "http://mercado-artesanal.com.ar/ventas.php" "Mozilla/5.0 (X11; Ubuntu; Linux x86_64; rv:69.0) Gecko/20100101 Firefox/69.0"
45.5.0.3 - - [25/Mar/2021:13:47:24 -0300] "GET /get_cliente.php?term=secretaria+general+de+go HTTP/1.1" 200 22 "http://mercado-artesanal.com.ar/ventas.php" "Mozilla/5.0 (X11; Ubuntu; Linux x86_64; rv:69.0) Gecko/20100101 Firefox/69.0"
45.5.0.3 - - [25/Mar/2021:13:47:25 -0300] "GET /get_cliente.php?term=secretaria+general+de+gob HTTP/1.1" 200 22 "http://mercado-artesanal.com.ar/ventas.php" "Mozilla/5.0 (X11; Ubuntu; Linux x86_64; rv:69.0) Gecko/20100101 Firefox/69.0"
45.5.0.3 - - [25/Mar/2021:13:47:26 -0300] "GET /get_cliente.php?term=secretaria+general+de+gobier HTTP/1.1" 200 22 "http://mercado-artesanal.com.ar/ventas.php" "Mozilla/5.0 (X11; Ubuntu; Linux x86_64; rv:69.0) Gecko/20100101 Firefox/69.0"
45.5.0.3 - - [25/Mar/2021:13:47:26 -0300] "GET /get_cliente.php?term=secretaria+general+de+gobiern HTTP/1.1" 200 22 "http://mercado-artesanal.com.ar/ventas.php" "Mozilla/5.0 (X11; Ubuntu; Linux x86_64; rv:69.0) Gecko/20100101 Firefox/69.0"
45.5.0.3 - - [25/Mar/2021:13:47:27 -0300] "GET /get_cliente.php?term=secretaria+general+de+gobierno HTTP/1.1" 200 22 "http://mercado-artesanal.com.ar/ventas.php" "Mozilla/5.0 (X11; Ubuntu; Linux x86_64; rv:69.0) Gecko/20100101 Firefox/69.0"
181.20.71.92 - - [25/Mar/2021:13:48:52 -0300] "GET /etiqueta.buscarProductos?producto=GORRO+(14_ALAN00084350294&tipoBusqueda=1 HTTP/1.1" 200 18 "http://mercado-artesanal.com.ar/ventas.php" "Mozilla/5.0 (Windows NT 5.1) AppleWebKit/537.36 (KHTML, like Gecko) Chrome/49.0.2623.112 Safari/537.36"
181.20.71.92 - - [25/Mar/2021:13:48:54 -0300] "GET /etiqueta.buscarProductos?producto=GORRO+(&tipoBusqueda=1 HTTP/1.1" 200 18 "http://mercado-artesanal.com.ar/ventas.php" "Mozilla/5.0 (Windows NT 5.1) AppleWebKit/537.36 (KHTML, like Gecko) Chrome/49.0.2623.112 Safari/537.36"
181.20.71.92 - - [25/Mar/2021:13:48:55 -0300] "GET /etiqueta.buscarProductos?producto=GORRO+&tipoBusqueda=1 HTTP/1.1" 200 285 "http://mercado-artesanal.com.ar/ventas.php" "Mozilla/5.0 (Windows NT 5.1) AppleWebKit/537.36 (KHTML, like Gecko) Chrome/49.0.2623.112 Safari/537.36"
181.20.71.92 - - [25/Mar/2021:13:48:57 -0300] "GET /etiqueta.buscarProductos?producto=GORRO&tipoBusqueda=1 HTTP/1.1" 200 833 "http://mercado-artesanal.com.ar/ventas.php" "Mozilla/5.0 (Windows NT 5.1) AppleWebKit/537.36 (KHTML, like Gecko) Chrome/49.0.2623.112 Safari/537.36"
181.20.71.92 - - [25/Mar/2021:13:49:05 -0300] "POST /ventas_post.php HTTP/1.1" 200 586 "http://mercado-artesanal.com.ar/ventas.php" "Mozilla/5.0 (Windows NT 5.1) AppleWebKit/537.36 (KHTML, like Gecko) Chrome/49.0.2623.112 Safari/537.36"
181.20.71.92 - - [25/Mar/2021:13:49:18 -0300] "GET /etiqueta.buscarProductos?producto=c&tipoBusqueda=1 HTTP/1.1" 200 32590 "http://mercado-artesanal.com.ar/ventas.php" "Mozilla/5.0 (Windows NT 5.1) AppleWebKit/537.36 (KHTML, like Gecko) Chrome/49.0.2623.112 Safari/537.36"
181.20.71.92 - - [25/Mar/2021:13:49:19 -0300] "GET /etiqueta.buscarProductos?producto=ca&tipoBusqueda=1 HTTP/1.1" 200 14312 "http://mercado-artesanal.com.ar/ventas.php" "Mozilla/5.0 (Windows NT 5.1) AppleWebKit/537.36 (KHTML, like Gecko) Chrome/49.0.2623.112 Safari/537.36"
181.20.71.92 - - [25/Mar/2021:13:49:19 -0300] "GET /etiqueta.buscarProductos?producto=cam&tipoBusqueda=1 HTTP/1.1" 200 4939 "http://mercado-artesanal.com.ar/ventas.php" "Mozilla/5.0 (Windows NT 5.1) AppleWebKit/537.36 (KHTML, like Gecko) Chrome/49.0.2623.112 Safari/537.36"
181.20.71.92 - - [25/Mar/2021:13:49:20 -0300] "GET /etiqueta.buscarProductos?producto=camin&tipoBusqueda=1 HTTP/1.1" 200 4651 "http://mercado-artesanal.com.ar/ventas.php" "Mozilla/5.0 (Windows NT 5.1) AppleWebKit/537.36 (KHTML, like Gecko) Chrome/49.0.2623.112 Safari/537.36"
181.20.71.92 - - [25/Mar/2021:13:49:20 -0300] "GET /etiqueta.buscarProductos?producto=camino&tipoBusqueda=1 HTTP/1.1" 200 4651 "http://mercado-artesanal.com.ar/ventas.php" "Mozilla/5.0 (Windows NT 5.1) AppleWebKit/537.36 (KHTML, like Gecko) Chrome/49.0.2623.112 Safari/537.36"
170.78.75.240 - - [25/Mar/2021:13:49:34 -0300] "GET /assets/perfil/20190524111724-54396137.jpeg HTTP/1.1" 200 97810 "-" "-"
170.78.75.240 - - [25/Mar/2021:13:49:34 -0300] "GET /assets/perfil/20190524111724-54396137.jpeg HTTP/1.1" 200 97810 "-" "-"
170.78.75.240 - - [25/Mar/2021:13:49:34 -0300] "GET /assets/perfil/20190524111724-54396137.jpeg HTTP/1.1" 200 97810 "-" "-"
170.78.75.240 - - [25/Mar/2021:13:49:34 -0300] "GET /assets/perfil/20190524111724-54396137.jpeg HTTP/1.1" 200 97810 "-" "-"
170.78.75.240 - - [25/Mar/2021:13:49:34 -0300] "GET /assets/perfil/20190524111724-54396137.jpeg HTTP/1.1" 200 97810 "-" "-"
170.78.75.240 - - [25/Mar/2021:13:49:34 -0300] "GET /assets/perfil/20190524111724-54396137.jpeg HTTP/1.1" 200 97810 "-" "tc-lib-file"
170.78.75.240 - - [25/Mar/2021:13:49:34 -0300] "GET /assets/perfil/20190524111724-54396137.jpeg HTTP/1.1" 200 97810 "-" "-"
170.78.75.240 - - [25/Mar/2021:13:49:34 -0300] "GET /assets/perfil/20190524111724-54396137.jpeg HTTP/1.1" 200 97810 "-" "-"
170.78.75.240 - - [25/Mar/2021:13:49:34 -0300] "GET /assets/perfil/20190524111724-54396137.jpeg HTTP/1.1" 200 97810 "-" "-"
170.78.75.240 - - [25/Mar/2021:13:49:34 -0300] "GET /assets/perfil/20190524111724-54396137.jpeg HTTP/1.1" 200 97810 "-" "-"
170.78.75.240 - - [25/Mar/2021:13:49:34 -0300] "GET /assets/perfil/20190524111724-54396137.jpeg HTTP/1.1" 200 97810 "-" "-"
170.78.75.240 - - [25/Mar/2021:13:49:34 -0300] "GET /assets/perfil/20190524111724-54396137.jpeg HTTP/1.1" 200 97810 "-" "tc-lib-file"
45.5.0.3 - - [25/Mar/2021:13:49:33 -0300] "GET /facturar.php?tipo=1&presupuesto=0&nombre=secretaria%20general%20de%20gobierno&documento=30672874315&tipo-documento=80&fecha-facturacion=2021-03-25&iva=3&venta_id=238148&clientes_id=&direccion= HTTP/1.1" 200 54 "http://mercado-artesanal.com.ar/ventas.php" "Mozilla/5.0 (X11; Ubuntu; Linux x86_64; rv:69.0) Gecko/20100101 Firefox/69.0"
45.5.0.3 - - [25/Mar/2021:13:49:34 -0300] "GET /facturas/20_71128736787167_000058.pdf HTTP/1.1" 200 239006 "http://mercado-artesanal.com.ar/ventas.php" "Mozilla/5.0 (X11; Ubuntu; Linux x86_64; rv:69.0) Gecko/20100101 Firefox/69.0"
181.20.71.92 - - [25/Mar/2021:13:50:16 -0300] "GET /etiqueta.buscarProductos?producto=CAMINO+LABOREADO+(14_ALAN0084833117)&tipoBusqueda=1 HTTP/1.1" 200 18 "http://mercado-artesanal.com.ar/ventas.php" "Mozilla/5.0 (Windows NT 5.1) AppleWebKit/537.36 (KHTML, like Gecko) Chrome/49.0.2623.112 Safari/537.36"
181.20.71.92 - - [25/Mar/2021:13:50:16 -0300] "GET /etiqueta.buscarProductos?producto=CAMINO+LABOREADO+(84833117)&tipoBusqueda=1 HTTP/1.1" 200 18 "http://mercado-artesanal.com.ar/ventas.php" "Mozilla/5.0 (Windows NT 5.1) AppleWebKit/537.36 (KHTML, like Gecko) Chrome/49.0.2623.112 Safari/537.36"
181.20.71.92 - - [25/Mar/2021:13:50:23 -0300] "GET /etiqueta.buscarProductos?producto=CAMINO+LABOREADO+(848&tipoBusqueda=1 HTTP/1.1" 200 18 "http://mercado-artesanal.com.ar/ventas.php" "Mozilla/5.0 (Windows NT 5.1) AppleWebKit/537.36 (KHTML, like Gecko) Chrome/49.0.2623.112 Safari/537.36"
181.20.71.92 - - [25/Mar/2021:13:50:24 -0300] "GET /etiqueta.buscarProductos?producto=CAMINO+LABOREADO&tipoBusqueda=1 HTTP/1.1" 200 2380 "http://mercado-artesanal.com.ar/ventas.php" "Mozilla/5.0 (Windows NT 5.1) AppleWebKit/537.36 (KHTML, like Gecko) Chrome/49.0.2623.112 Safari/537.36"
45.5.0.3 - - [25/Mar/2021:13:50:27 -0300] "GET /carga/mensaje/cerrar_session.php HTTP/1.1" 200 50145 "http://mercado-artesanal.com.ar/carga/mensaje/carga?sucursal=1" "Mozilla/5.0 (X11; Linux i686) AppleWebKit/537.36 (KHTML, like Gecko) Ubuntu Chromium/77.0.3865.90 Chrome/77.0.3865.90 Safari/537.36"
181.20.71.92 - - [25/Mar/2021:13:50:32 -0300] "POST /ventas_post.php HTTP/1.1" 200 594 "http://mercado-artesanal.com.ar/ventas.php" "Mozilla/5.0 (Windows NT 5.1) AppleWebKit/537.36 (KHTML, like Gecko) Chrome/49.0.2623.112 Safari/537.36"
45.5.0.3 - - [25/Mar/2021:13:50:37 -0300] "GET /carga/mensaje/cerrar_session.php HTTP/1.1" 200 50145 "http://mercado-artesanal.com.ar/carga/mensaje/carga?sucursal=1" "Mozilla/5.0 (X11; Linux i686) AppleWebKit/537.36 (KHTML, like Gecko) Ubuntu Chromium/77.0.3865.90 Chrome/77.0.3865.90 Safari/537.36"
45.5.0.3 - - [25/Mar/2021:13:50:49 -0300] "GET /carga/mensaje/carga?sucursal=1 HTTP/1.1" 200 49734 "http://mercado-artesanal.com.ar/carga/mensaje/QWN0dWFsaXphY2kmb2FjdXRlO24gcmVhbGl6YWRhIGV4aXRvc2FtZW50ZQ==" "Mozilla/5.0 (X11; Linux i686) AppleWebKit/537.36 (KHTML, like Gecko) Ubuntu Chromium/77.0.3865.90 Chrome/77.0.3865.90 Safari/537.36"
45.5.0.3 - - [25/Mar/2021:13:50:55 -0300] "GET /favicon.ico HTTP/1.1" 200 - "http://mercado-artesanal.com.ar/carga/mensaje/carga?sucursal=1" "Mozilla/5.0 (X11; Linux i686) AppleWebKit/537.36 (KHTML, like Gecko) Ubuntu Chromium/77.0.3865.90 Chrome/77.0.3865.90 Safari/537.36"
45.5.0.3 - - [25/Mar/2021:13:51:19 -0300] "GET /carga HTTP/1.1" 200 50037 "http://mercado-artesanal.com.ar/carga/mensaje/carga?sucursal=1" "Mozilla/5.0 (X11; Linux i686) AppleWebKit/537.36 (KHTML, like Gecko) Ubuntu Chromium/77.0.3865.90 Chrome/77.0.3865.90 Safari/537.36"
45.5.0.3 - - [25/Mar/2021:13:51:26 -0300] "GET /carga?sucursal=1 HTTP/1.1" 200 49651 "http://mercado-artesanal.com.ar/carga" "Mozilla/5.0 (X11; Linux i686) AppleWebKit/537.36 (KHTML, like Gecko) Ubuntu Chromium/77.0.3865.90 Chrome/77.0.3865.90 Safari/537.36"
170.78.75.240 - - [25/Mar/2021:13:52:21 -0300] "GET /mail/template.php HTTP/1.1" 200 3344 "-" "Mozilla/5.0 (Windows NT 6.1; rv:8.0) Gecko/20100101 Firefox/8.0"
45.5.0.3 - - [25/Mar/2021:13:52:21 -0300] "GET /enviar_por_mail.php?mail=nicolaspenza13@gmail.com&factura=/facturas/20_71128736787167_000058.pdf HTTP/1.1" 200 41 "http://mercado-artesanal.com.ar/ventas.php" "Mozilla/5.0 (X11; Ubuntu; Linux x86_64; rv:69.0) Gecko/20100101 Firefox/69.0"
66.249.92.43 - - [25/Mar/2021:13:52:26 -0300] "GET /assets/perfil/20190524111724-54396137.jpeg HTTP/1.1" 200 97810 "http://mail.google.com/" "Mozilla/5.0 (Windows NT 10.0; Win64; x64) AppleWebKit/537.36 (KHTML, like Gecko) Chrome/42.0.2311.135 Safari/537.36 Edge/12.246 Mozilla/5.0"
45.5.0.3 - - [25/Mar/2021:13:53:14 -0300] "GET /transferencia HTTP/1.1" 500 12735 "http://mercado-artesanal.com.ar/carga" "Mozilla/5.0 (X11; Linux i686) AppleWebKit/537.36 (KHTML, like Gecko) Ubuntu Chromium/77.0.3865.90 Chrome/77.0.3865.90 Safari/537.36"
181.20.71.92 - - [25/Mar/2021:13:53:16 -0300] "GET /etiqueta.buscarProductos?producto=camin&tipoBusqueda=1 HTTP/1.1" 200 4651 "http://mercado-artesanal.com.ar/ventas.php" "Mozilla/5.0 (Windows NT 5.1) AppleWebKit/537.36 (KHTML, like Gecko) Chrome/49.0.2623.112 Safari/537.36"
181.20.71.92 - - [25/Mar/2021:13:53:16 -0300] "GET /etiqueta.buscarProductos?producto=camino&tipoBusqueda=1 HTTP/1.1" 200 4651 "http://mercado-artesanal.com.ar/ventas.php" "Mozilla/5.0 (Windows NT 5.1) AppleWebKit/537.36 (KHTML, like Gecko) Chrome/49.0.2623.112 Safari/537.36"
181.20.71.92 - - [25/Mar/2021:13:53:22 -0300] "GET /etiqueta.buscarProductos?producto=camino+&tipoBusqueda=1 HTTP/1.1" 200 3262 "http://mercado-artesanal.com.ar/ventas.php" "Mozilla/5.0 (Windows NT 5.1) AppleWebKit/537.36 (KHTML, like Gecko) Chrome/49.0.2623.112 Safari/537.36"
181.20.71.92 - - [25/Mar/2021:13:53:23 -0300] "GET /etiqueta.buscarProductos?producto=camino+e&tipoBusqueda=1 HTTP/1.1" 200 18 "http://mercado-artesanal.com.ar/ventas.php" "Mozilla/5.0 (Windows NT 5.1) AppleWebKit/537.36 (KHTML, like Gecko) Chrome/49.0.2623.112 Safari/537.36"
181.20.71.92 - - [25/Mar/2021:13:53:24 -0300] "GET /etiqueta.buscarProductos?producto=camino+en&tipoBusqueda=1 HTTP/1.1" 200 18 "http://mercado-artesanal.com.ar/ventas.php" "Mozilla/5.0 (Windows NT 5.1) AppleWebKit/537.36 (KHTML, like Gecko) Chrome/49.0.2623.112 Safari/537.36"
181.20.71.92 - - [25/Mar/2021:13:53:25 -0300] "GET /etiqueta.buscarProductos?producto=camino+entre&tipoBusqueda=1 HTTP/1.1" 200 18 "http://mercado-artesanal.com.ar/ventas.php" "Mozilla/5.0 (Windows NT 5.1) AppleWebKit/537.36 (KHTML, like Gecko) Chrome/49.0.2623.112 Safari/537.36"
181.20.71.92 - - [25/Mar/2021:13:53:27 -0300] "GET /etiqueta.buscarProductos?producto=camino+entref&tipoBusqueda=1 HTTP/1.1" 200 18 "http://mercado-artesanal.com.ar/ventas.php" "Mozilla/5.0 (Windows NT 5.1) AppleWebKit/537.36 (KHTML, like Gecko) Chrome/49.0.2623.112 Safari/537.36"
181.20.71.92 - - [25/Mar/2021:13:53:27 -0300] "GET /etiqueta.buscarProductos?producto=camino+entrefin&tipoBusqueda=1 HTTP/1.1" 200 18 "http://mercado-artesanal.com.ar/ventas.php" "Mozilla/5.0 (Windows NT 5.1) AppleWebKit/537.36 (KHTML, like Gecko) Chrome/49.0.2623.112 Safari/537.36"
181.20.71.92 - - [25/Mar/2021:13:53:28 -0300] "GET /etiqueta.buscarProductos?producto=camino+entrefino&tipoBusqueda=1 HTTP/1.1" 200 18 "http://mercado-artesanal.com.ar/ventas.php" "Mozilla/5.0 (Windows NT 5.1) AppleWebKit/537.36 (KHTML, like Gecko) Chrome/49.0.2623.112 Safari/537.36"
181.20.71.92 - - [25/Mar/2021:13:53:29 -0300] "GET /etiqueta.buscarProductos?producto=camino+entrefi&tipoBusqueda=1 HTTP/1.1" 200 18 "http://mercado-artesanal.com.ar/ventas.php" "Mozilla/5.0 (Windows NT 5.1) AppleWebKit/537.36 (KHTML, like Gecko) Chrome/49.0.2623.112 Safari/537.36"
181.20.71.92 - - [25/Mar/2021:13:53:31 -0300] "GET /etiqueta.buscarProductos?producto=camino+&tipoBusqueda=1 HTTP/1.1" 200 3262 "http://mercado-artesanal.com.ar/ventas.php" "Mozilla/5.0 (Windows NT 5.1) AppleWebKit/537.36 (KHTML, like Gecko) Chrome/49.0.2623.112 Safari/537.36"
181.20.71.92 - - [25/Mar/2021:13:53:38 -0300] "GET /etiqueta.buscarProductos?producto=CAMINO+LISTADO+(18_ALAN0008432162)&tipoBusqueda=1 HTTP/1.1" 200 18 "http://mercado-artesanal.com.ar/ventas.php" "Mozilla/5.0 (Windows NT 5.1) AppleWebKit/537.36 (KHTML, like Gecko) Chrome/49.0.2623.112 Safari/537.36"
181.20.71.92 - - [25/Mar/2021:13:53:40 -0300] "GET /etiqueta.buscarProductos?producto=CAMINO+LISTA162)&tipoBusqueda=1 HTTP/1.1" 200 18 "http://mercado-artesanal.com.ar/ventas.php" "Mozilla/5.0 (Windows NT 5.1) AppleWebKit/537.36 (KHTML, like Gecko) Chrome/49.0.2623.112 Safari/537.36"
181.20.71.92 - - [25/Mar/2021:13:53:48 -0300] "GET /etiqueta.buscarProductos?producto=CAMINO+LIS&tipoBusqueda=1 HTTP/1.1" 200 294 "http://mercado-artesanal.com.ar/ventas.php" "Mozilla/5.0 (Windows NT 5.1) AppleWebKit/537.36 (KHTML, like Gecko) Chrome/49.0.2623.112 Safari/537.36"
181.20.71.92 - - [25/Mar/2021:13:53:48 -0300] "GET /etiqueta.buscarProductos?producto=CAMINO+&tipoBusqueda=1 HTTP/1.1" 200 3262 "http://mercado-artesanal.com.ar/ventas.php" "Mozilla/5.0 (Windows NT 5.1) AppleWebKit/537.36 (KHTML, like Gecko) Chrome/49.0.2623.112 Safari/537.36"
181.20.71.92 - - [25/Mar/2021:13:53:57 -0300] "GET /etiqueta.buscarProductos?producto=CAMINO+LABOREADO+(18_ALAN0084717400)&tipoBusqueda=1 HTTP/1.1" 200 18 "http://mercado-artesanal.com.ar/ventas.php" "Mozilla/5.0 (Windows NT 5.1) AppleWebKit/537.36 (KHTML, like Gecko) Chrome/49.0.2623.112 Safari/537.36"
181.20.71.92 - - [25/Mar/2021:13:53:58 -0300] "GET /etiqueta.buscarProductos?producto=CAMINO+LABOREADO084717400)&tipoBusqueda=1 HTTP/1.1" 200 18 "http://mercado-artesanal.com.ar/ventas.php" "Mozilla/5.0 (Windows NT 5.1) AppleWebKit/537.36 (KHTML, like Gecko) Chrome/49.0.2623.112 Safari/537.36"
181.20.71.92 - - [25/Mar/2021:13:54:01 -0300] "GET /etiqueta.buscarProductos?producto=CAMINO+LABOREADO084717400&tipoBusqueda=1 HTTP/1.1" 200 18 "http://mercado-artesanal.com.ar/ventas.php" "Mozilla/5.0 (Windows NT 5.1) AppleWebKit/537.36 (KHTML, like Gecko) Chrome/49.0.2623.112 Safari/537.36"
181.20.71.92 - - [25/Mar/2021:13:54:02 -0300] "GET /etiqueta.buscarProductos?producto=CAMINO+LABOREA&tipoBusqueda=1 HTTP/1.1" 200 2380 "http://mercado-artesanal.com.ar/ventas.php" "Mozilla/5.0 (Windows NT 5.1) AppleWebKit/537.36 (KHTML, like Gecko) Chrome/49.0.2623.112 Safari/537.36"
181.20.71.92 - - [25/Mar/2021:13:54:03 -0300] "GET /etiqueta.buscarProductos?producto=CAMINO+L&tipoBusqueda=1 HTTP/1.1" 200 2963 "http://mercado-artesanal.com.ar/ventas.php" "Mozilla/5.0 (Windows NT 5.1) AppleWebKit/537.36 (KHTML, like Gecko) Chrome/49.0.2623.112 Safari/537.36"
181.20.71.92 - - [25/Mar/2021:13:54:05 -0300] "GET /etiqueta.buscarProductos?producto=CAMINO+&tipoBusqueda=1 HTTP/1.1" 200 3262 "http://mercado-artesanal.com.ar/ventas.php" "Mozilla/5.0 (Windows NT 5.1) AppleWebKit/537.36 (KHTML, like Gecko) Chrome/49.0.2623.112 Safari/537.36"
45.5.0.3 - - [25/Mar/2021:13:54:07 -0300] "GET /ventas.php HTTP/1.1" 200 5997 "http://mercado-artesanal.com.ar/ventas.php" "Mozilla/5.0 (X11; Ubuntu; Linux x86_64; rv:69.0) Gecko/20100101 Firefox/69.0"
45.5.0.3 - - [25/Mar/2021:13:54:07 -0300] "GET /assets/css/jquery.dataTables.min.css HTTP/1.1" 200 2091 "http://mercado-artesanal.com.ar/ventas.php" "Mozilla/5.0 (X11; Ubuntu; Linux x86_64; rv:69.0) Gecko/20100101 Firefox/69.0"
45.5.0.3 - - [25/Mar/2021:13:54:07 -0300] "GET /assets/css/bootstrap.min.css HTTP/1.1" 200 19705 "http://mercado-artesanal.com.ar/ventas.php" "Mozilla/5.0 (X11; Ubuntu; Linux x86_64; rv:69.0) Gecko/20100101 Firefox/69.0"
45.5.0.3 - - [25/Mar/2021:13:54:07 -0300] "GET /assets/js/core/jquery.min.js HTTP/1.1" 200 29830 "http://mercado-artesanal.com.ar/ventas.php" "Mozilla/5.0 (X11; Ubuntu; Linux x86_64; rv:69.0) Gecko/20100101 Firefox/69.0"
45.5.0.3 - - [25/Mar/2021:13:54:07 -0300] "GET /assets/js/pages/ventas.js?v=869952966 HTTP/1.1" 200 3268 "http://mercado-artesanal.com.ar/ventas.php" "Mozilla/5.0 (X11; Ubuntu; Linux x86_64; rv:69.0) Gecko/20100101 Firefox/69.0"
45.5.0.3 - - [25/Mar/2021:13:54:07 -0300] "GET /assets/js/core/jquery.slimscroll.min.js HTTP/1.1" 200 1903 "http://mercado-artesanal.com.ar/ventas.php" "Mozilla/5.0 (X11; Ubuntu; Linux x86_64; rv:69.0) Gecko/20100101 Firefox/69.0"
45.5.0.3 - - [25/Mar/2021:13:54:07 -0300] "GET /assets/js/core/bootstrap.min.js HTTP/1.1" 200 9838 "http://mercado-artesanal.com.ar/ventas.php" "Mozilla/5.0 (X11; Ubuntu; Linux x86_64; rv:69.0) Gecko/20100101 Firefox/69.0"
45.5.0.3 - - [25/Mar/2021:13:54:07 -0300] "GET /assets/js/core/jquery.scrollLock.min.js HTTP/1.1" 200 1195 "http://mercado-artesanal.com.ar/ventas.php" "Mozilla/5.0 (X11; Ubuntu; Linux x86_64; rv:69.0) Gecko/20100101 Firefox/69.0"
45.5.0.3 - - [25/Mar/2021:13:54:07 -0300] "GET /assets/js/core/jquery.appear.min.js HTTP/1.1" 200 772 "http://mercado-artesanal.com.ar/ventas.php" "Mozilla/5.0 (X11; Ubuntu; Linux x86_64; rv:69.0) Gecko/20100101 Firefox/69.0"
45.5.0.3 - - [25/Mar/2021:13:54:07 -0300] "GET /assets/js/core/jquery.countTo.min.js HTTP/1.1" 200 816 "http://mercado-artesanal.com.ar/ventas.php" "Mozilla/5.0 (X11; Ubuntu; Linux x86_64; rv:69.0) Gecko/20100101 Firefox/69.0"
45.5.0.3 - - [25/Mar/2021:13:54:07 -0300] "GET /assets/js/core/jquery.placeholder.min.js HTTP/1.1" 200 1328 "http://mercado-artesanal.com.ar/ventas.php" "Mozilla/5.0 (X11; Ubuntu; Linux x86_64; rv:69.0) Gecko/20100101 Firefox/69.0"
45.5.0.3 - - [25/Mar/2021:13:54:07 -0300] "GET /assets/js/validaciones_generales.js HTTP/1.1" 200 511 "http://mercado-artesanal.com.ar/ventas.php" "Mozilla/5.0 (X11; Ubuntu; Linux x86_64; rv:69.0) Gecko/20100101 Firefox/69.0"
45.5.0.3 - - [25/Mar/2021:13:54:07 -0300] "GET /assets/css/oneui.css HTTP/1.1" 200 32501 "http://mercado-artesanal.com.ar/ventas.php" "Mozilla/5.0 (X11; Ubuntu; Linux x86_64; rv:69.0) Gecko/20100101 Firefox/69.0"
45.5.0.3 - - [25/Mar/2021:13:54:07 -0300] "GET /assets/js/core/js.sweetalertv1.1.3.js HTTP/1.1" 200 5412 "http://mercado-artesanal.com.ar/ventas.php" "Mozilla/5.0 (X11; Ubuntu; Linux x86_64; rv:69.0) Gecko/20100101 Firefox/69.0"
45.5.0.3 - - [25/Mar/2021:13:54:07 -0300] "GET /assets/js/core/js.cookie.min.js HTTP/1.1" 200 903 "http://mercado-artesanal.com.ar/ventas.php" "Mozilla/5.0 (X11; Ubuntu; Linux x86_64; rv:69.0) Gecko/20100101 Firefox/69.0"
45.5.0.3 - - [25/Mar/2021:13:54:07 -0300] "GET /assets/js/app.js HTTP/1.1" 200 9273 "http://mercado-artesanal.com.ar/ventas.php" "Mozilla/5.0 (X11; Ubuntu; Linux x86_64; rv:69.0) Gecko/20100101 Firefox/69.0"
45.5.0.3 - - [25/Mar/2021:13:54:07 -0300] "GET /assets/img/avatars/avatar9.jpg HTTP/1.1" 304 - "http://mercado-artesanal.com.ar/ventas.php" "Mozilla/5.0 (X11; Ubuntu; Linux x86_64; rv:69.0) Gecko/20100101 Firefox/69.0"
45.5.0.3 - - [25/Mar/2021:13:54:07 -0300] "GET /assets/img/photos/_photo25@2x.jpg HTTP/1.1" 304 - "http://mercado-artesanal.com.ar/ventas.php" "Mozilla/5.0 (X11; Ubuntu; Linux x86_64; rv:69.0) Gecko/20100101 Firefox/69.0"
181.20.71.92 - - [25/Mar/2021:13:54:12 -0300] "GET /etiqueta.buscarProductos?producto=CAMINO+LABOREADO+(18_ALAN0084988845)&tipoBusqueda=1 HTTP/1.1" 200 18 "http://mercado-artesanal.com.ar/ventas.php" "Mozilla/5.0 (Windows NT 5.1) AppleWebKit/537.36 (KHTML, like Gecko) Chrome/49.0.2623.112 Safari/537.36"
181.20.71.92 - - [25/Mar/2021:13:54:13 -0300] "GET /etiqueta.buscarProductos?producto=CAMINO+LABOREAD0084988845)&tipoBusqueda=1 HTTP/1.1" 200 18 "http://mercado-artesanal.com.ar/ventas.php" "Mozilla/5.0 (Windows NT 5.1) AppleWebKit/537.36 (KHTML, like Gecko) Chrome/49.0.2623.112 Safari/537.36"
181.20.71.92 - - [25/Mar/2021:13:54:13 -0300] "GET /etiqueta.buscarProductos?producto=CAMINO+LABOREA0084988845)&tipoBusqueda=1 HTTP/1.1" 200 18 "http://mercado-artesanal.com.ar/ventas.php" "Mozilla/5.0 (Windows NT 5.1) AppleWebKit/537.36 (KHTML, like Gecko) Chrome/49.0.2623.112 Safari/537.36"
181.20.71.92 - - [25/Mar/2021:13:54:16 -0300] "GET /etiqueta.buscarProductos?producto=CAMINO+LABOREA0084988845&tipoBusqueda=1 HTTP/1.1" 200 18 "http://mercado-artesanal.com.ar/ventas.php" "Mozilla/5.0 (Windows NT 5.1) AppleWebKit/537.36 (KHTML, like Gecko) Chrome/49.0.2623.112 Safari/537.36"
181.20.71.92 - - [25/Mar/2021:13:54:18 -0300] "GET /etiqueta.buscarProductos?producto=CAMINO&tipoBusqueda=1 HTTP/1.1" 200 4651 "http://mercado-artesanal.com.ar/ventas.php" "Mozilla/5.0 (Windows NT 5.1) AppleWebKit/537.36 (KHTML, like Gecko) Chrome/49.0.2623.112 Safari/537.36"
181.20.71.92 - - [25/Mar/2021:13:54:24 -0300] "POST /ventas_post.php HTTP/1.1" 200 603 "http://mercado-artesanal.com.ar/ventas.php" "Mozilla/5.0 (Windows NT 5.1) AppleWebKit/537.36 (KHTML, like Gecko) Chrome/49.0.2623.112 Safari/537.36"
45.5.0.3 - - [25/Mar/2021:13:54:42 -0300] "GET /pagoProveedores HTTP/1.1" 200 6119 "http://mercado-artesanal.com.ar/carga" "Mozilla/5.0 (X11; Linux i686) AppleWebKit/537.36 (KHTML, like Gecko) Ubuntu Chromium/77.0.3865.90 Chrome/77.0.3865.90 Safari/537.36"
181.20.71.92 - - [25/Mar/2021:13:55:23 -0300] "GET /etiqueta.buscarProductos?producto=c&tipoBusqueda=1 HTTP/1.1" 200 32590 "http://mercado-artesanal.com.ar/ventas.php" "Mozilla/5.0 (Windows NT 5.1) AppleWebKit/537.36 (KHTML, like Gecko) Chrome/49.0.2623.112 Safari/537.36"
181.20.71.92 - - [25/Mar/2021:13:55:24 -0300] "GET /etiqueta.buscarProductos?producto=cu&tipoBusqueda=1 HTTP/1.1" 200 5672 "http://mercado-artesanal.com.ar/ventas.php" "Mozilla/5.0 (Windows NT 5.1) AppleWebKit/537.36 (KHTML, like Gecko) Chrome/49.0.2623.112 Safari/537.36"
181.20.71.92 - - [25/Mar/2021:13:55:24 -0300] "GET /etiqueta.buscarProductos?producto=cuc&tipoBusqueda=1 HTTP/1.1" 200 2430 "http://mercado-artesanal.com.ar/ventas.php" "Mozilla/5.0 (Windows NT 5.1) AppleWebKit/537.36 (KHTML, like Gecko) Chrome/49.0.2623.112 Safari/537.36"
181.20.71.92 - - [25/Mar/2021:13:55:25 -0300] "GET /etiqueta.buscarProductos?producto=cucg&tipoBusqueda=1 HTTP/1.1" 200 18 "http://mercado-artesanal.com.ar/ventas.php" "Mozilla/5.0 (Windows NT 5.1) AppleWebKit/537.36 (KHTML, like Gecko) Chrome/49.0.2623.112 Safari/537.36"
181.20.71.92 - - [25/Mar/2021:13:55:26 -0300] "GET /etiqueta.buscarProductos?producto=cuc&tipoBusqueda=1 HTTP/1.1" 200 2430 "http://mercado-artesanal.com.ar/ventas.php" "Mozilla/5.0 (Windows NT 5.1) AppleWebKit/537.36 (KHTML, like Gecko) Chrome/49.0.2623.112 Safari/537.36"
181.20.71.92 - - [25/Mar/2021:13:55:27 -0300] "GET /etiqueta.buscarProductos?producto=cuch&tipoBusqueda=1 HTTP/1.1" 200 2430 "http://mercado-artesanal.com.ar/ventas.php" "Mozilla/5.0 (Windows NT 5.1) AppleWebKit/537.36 (KHTML, like Gecko) Chrome/49.0.2623.112 Safari/537.36"
181.20.71.92 - - [25/Mar/2021:13:55:27 -0300] "GET /etiqueta.buscarProductos?producto=cucha&tipoBusqueda=1 HTTP/1.1" 200 2430 "http://mercado-artesanal.com.ar/ventas.php" "Mozilla/5.0 (Windows NT 5.1) AppleWebKit/537.36 (KHTML, like Gecko) Chrome/49.0.2623.112 Safari/537.36"
181.20.71.92 - - [25/Mar/2021:13:55:28 -0300] "GET /etiqueta.buscarProductos?producto=cuchara&tipoBusqueda=1 HTTP/1.1" 200 2145 "http://mercado-artesanal.com.ar/ventas.php" "Mozilla/5.0 (Windows NT 5.1) AppleWebKit/537.36 (KHTML, like Gecko) Chrome/49.0.2623.112 Safari/537.36"
45.5.0.3 - - [25/Mar/2021:13:55:52 -0300] "GET /carga HTTP/1.1" 200 50037 "http://mercado-artesanal.com.ar/carga" "Mozilla/5.0 (X11; Linux i686) AppleWebKit/537.36 (KHTML, like Gecko) Ubuntu Chromium/77.0.3865.90 Chrome/77.0.3865.90 Safari/537.36"
45.5.0.3 - - [25/Mar/2021:13:56:04 -0300] "GET /carga?sucursal=1 HTTP/1.1" 200 49651 "http://mercado-artesanal.com.ar/carga" "Mozilla/5.0 (X11; Linux i686) AppleWebKit/537.36 (KHTML, like Gecko) Ubuntu Chromium/77.0.3865.90 Chrome/77.0.3865.90 Safari/537.36"
181.20.71.92 - - [25/Mar/2021:13:56:21 -0300] "POST /ventas_post.php HTTP/1.1" 200 610 "http://mercado-artesanal.com.ar/ventas.php" "Mozilla/5.0 (Windows NT 5.1) AppleWebKit/537.36 (KHTML, like Gecko) Chrome/49.0.2623.112 Safari/537.36"
170.78.75.240 - - [25/Mar/2021:13:56:33 -0300] "GET /assets/perfil/20190524111724-54396137.jpeg HTTP/1.1" 200 97810 "-" "-"
170.78.75.240 - - [25/Mar/2021:13:56:33 -0300] "GET /assets/perfil/20190524111724-54396137.jpeg HTTP/1.1" 200 97810 "-" "-"
170.78.75.240 - - [25/Mar/2021:13:56:34 -0300] "GET /assets/perfil/20190524111724-54396137.jpeg HTTP/1.1" 200 97810 "-" "-"
170.78.75.240 - - [25/Mar/2021:13:56:34 -0300] "GET /assets/perfil/20190524111724-54396137.jpeg HTTP/1.1" 200 97810 "-" "-"
170.78.75.240 - - [25/Mar/2021:13:56:34 -0300] "GET /assets/perfil/20190524111724-54396137.jpeg HTTP/1.1" 200 97810 "-" "-"
170.78.75.240 - - [25/Mar/2021:13:56:34 -0300] "GET /assets/perfil/20190524111724-54396137.jpeg HTTP/1.1" 200 97810 "-" "tc-lib-file"
170.78.75.240 - - [25/Mar/2021:13:56:34 -0300] "GET /assets/perfil/20190524111724-54396137.jpeg HTTP/1.1" 200 97810 "-" "-"
170.78.75.240 - - [25/Mar/2021:13:56:34 -0300] "GET /assets/perfil/20190524111724-54396137.jpeg HTTP/1.1" 200 97810 "-" "-"
170.78.75.240 - - [25/Mar/2021:13:56:34 -0300] "GET /assets/perfil/20190524111724-54396137.jpeg HTTP/1.1" 200 97810 "-" "-"
170.78.75.240 - - [25/Mar/2021:13:56:34 -0300] "GET /assets/perfil/20190524111724-54396137.jpeg HTTP/1.1" 200 97810 "-" "-"
170.78.75.240 - - [25/Mar/2021:13:56:34 -0300] "GET /assets/perfil/20190524111724-54396137.jpeg HTTP/1.1" 200 97810 "-" "-"
170.78.75.240 - - [25/Mar/2021:13:56:34 -0300] "GET /assets/perfil/20190524111724-54396137.jpeg HTTP/1.1" 200 97810 "-" "tc-lib-file"
181.20.71.92 - - [25/Mar/2021:13:56:33 -0300] "GET /facturar.php?tipo=1&presupuesto=0&nombre=&documento=&tipo-documento=80&fecha-facturacion=2021-03-25&iva=3&venta_id=354572&clientes_id=&direccion= HTTP/1.1" 200 54 "http://mercado-artesanal.com.ar/ventas.php" "Mozilla/5.0 (Windows NT 5.1) AppleWebKit/537.36 (KHTML, like Gecko) Chrome/49.0.2623.112 Safari/537.36"
181.20.71.92 - - [25/Mar/2021:13:56:34 -0300] "GET /facturas/21_71128737425777_000006.pdf HTTP/1.1" 200 238822 "http://mercado-artesanal.com.ar/ventas.php" "Mozilla/5.0 (Windows NT 5.1) AppleWebKit/537.36 (KHTML, like Gecko) Chrome/49.0.2623.112 Safari/537.36"
45.5.0.3 - - [25/Mar/2021:13:57:07 -0300] "GET /carga?sucursal=19 HTTP/1.1" 200 50037 "http://mercado-artesanal.com.ar/carga?sucursal=1" "Mozilla/5.0 (X11; Linux i686) AppleWebKit/537.36 (KHTML, like Gecko) Ubuntu Chromium/77.0.3865.90 Chrome/77.0.3865.90 Safari/537.36"
45.5.0.3 - - [25/Mar/2021:13:58:55 -0300] "GET /carga HTTP/1.1" 200 50037 "http://mercado-artesanal.com.ar/carga?sucursal=19" "Mozilla/5.0 (X11; Linux i686) AppleWebKit/537.36 (KHTML, like Gecko) Ubuntu Chromium/77.0.3865.90 Chrome/77.0.3865.90 Safari/537.36"
181.20.71.92 - - [25/Mar/2021:14:00:18 -0300] "GET / HTTP/1.1" 302 408 "-" "Mozilla/5.0 (Windows NT 5.1) AppleWebKit/537.36 (KHTML, like Gecko) Chrome/49.0.2623.112 Safari/537.36"
181.20.71.92 - - [25/Mar/2021:14:00:18 -0300] "GET / HTTP/1.1" 302 408 "-" "Mozilla/5.0 (Windows NT 5.1) AppleWebKit/537.36 (KHTML, like Gecko) Chrome/49.0.2623.112 Safari/537.36"
181.20.71.92 - - [25/Mar/2021:14:00:18 -0300] "GET /login.php HTTP/1.1" 200 2111 "-" "Mozilla/5.0 (Windows NT 5.1) AppleWebKit/537.36 (KHTML, like Gecko) Chrome/49.0.2623.112 Safari/537.36"
181.20.71.92 - - [25/Mar/2021:14:00:33 -0300] "POST /login.php HTTP/1.1" 200 2179 "http://mercado-artesanal.com.ar/login.php" "Mozilla/5.0 (Windows NT 5.1) AppleWebKit/537.36 (KHTML, like Gecko) Chrome/49.0.2623.112 Safari/537.36"
181.20.71.92 - - [25/Mar/2021:14:00:52 -0300] "POST /login.php HTTP/1.1" 302 7369 "http://mercado-artesanal.com.ar/login.php" "Mozilla/5.0 (Windows NT 5.1) AppleWebKit/537.36 (KHTML, like Gecko) Chrome/49.0.2623.112 Safari/537.36"
181.20.71.92 - - [25/Mar/2021:14:00:52 -0300] "GET /ventas.php HTTP/1.1" 200 5989 "http://mercado-artesanal.com.ar/login.php" "Mozilla/5.0 (Windows NT 5.1) AppleWebKit/537.36 (KHTML, like Gecko) Chrome/49.0.2623.112 Safari/537.36"
181.20.71.92 - - [25/Mar/2021:14:00:53 -0300] "GET /assets/js/pages/ventas.js?v=1529194300 HTTP/1.1" 200 3268 "http://mercado-artesanal.com.ar/ventas.php" "Mozilla/5.0 (Windows NT 5.1) AppleWebKit/537.36 (KHTML, like Gecko) Chrome/49.0.2623.112 Safari/537.36"
181.20.71.92 - - [25/Mar/2021:14:01:03 -0300] "POST /emitir_online.php HTTP/1.1" 200 - "http://mercado-artesanal.com.ar/ventas.php" "Mozilla/5.0 (Windows NT 5.1) AppleWebKit/537.36 (KHTML, like Gecko) Chrome/49.0.2623.112 Safari/537.36"
181.20.71.92 - - [25/Mar/2021:14:01:19 -0300] "GET /cerrar_session.php HTTP/1.1" 302 - "http://mercado-artesanal.com.ar/ventas.php" "Mozilla/5.0 (Windows NT 5.1) AppleWebKit/537.36 (KHTML, like Gecko) Chrome/49.0.2623.112 Safari/537.36"
181.20.71.92 - - [25/Mar/2021:14:01:19 -0300] "GET / HTTP/1.1" 302 408 "http://mercado-artesanal.com.ar/ventas.php" "Mozilla/5.0 (Windows NT 5.1) AppleWebKit/537.36 (KHTML, like Gecko) Chrome/49.0.2623.112 Safari/537.36"
181.20.71.92 - - [25/Mar/2021:14:01:19 -0300] "GET /login.php HTTP/1.1" 200 2111 "http://mercado-artesanal.com.ar/ventas.php" "Mozilla/5.0 (Windows NT 5.1) AppleWebKit/537.36 (KHTML, like Gecko) Chrome/49.0.2623.112 Safari/537.36"
181.20.71.92 - - [25/Mar/2021:14:01:42 -0300] "POST /login.php HTTP/1.1" 302 7369 "http://mercado-artesanal.com.ar/login.php" "Mozilla/5.0 (Windows NT 5.1) AppleWebKit/537.36 (KHTML, like Gecko) Chrome/49.0.2623.112 Safari/537.36"
181.20.71.92 - - [25/Mar/2021:14:01:42 -0300] "GET /ventas.php HTTP/1.1" 200 6798 "http://mercado-artesanal.com.ar/login.php" "Mozilla/5.0 (Windows NT 5.1) AppleWebKit/537.36 (KHTML, like Gecko) Chrome/49.0.2623.112 Safari/537.36"
181.20.71.92 - - [25/Mar/2021:14:01:43 -0300] "GET /assets/js/pages/ventas.js?v=2117554815 HTTP/1.1" 200 3268 "http://mercado-artesanal.com.ar/ventas.php" "Mozilla/5.0 (Windows NT 5.1) AppleWebKit/537.36 (KHTML, like Gecko) Chrome/49.0.2623.112 Safari/537.36"
45.5.0.3 - - [25/Mar/2021:14:02:01 -0300] "GET /assets/img/favicons/ui-anim_basic_16x16.gif HTTP/1.1" 304 - "http://mercado-artesanal.com.ar/ventas.php" "Mozilla/5.0 (X11; Ubuntu; Linux x86_64; rv:69.0) Gecko/20100101 Firefox/69.0"
45.5.0.3 - - [25/Mar/2021:14:02:01 -0300] "GET /etiqueta.buscarProductos?producto=t&tipoBusqueda=1 HTTP/1.1" 200 10056 "http://mercado-artesanal.com.ar/ventas.php" "Mozilla/5.0 (X11; Ubuntu; Linux x86_64; rv:69.0) Gecko/20100101 Firefox/69.0"
45.5.0.3 - - [25/Mar/2021:14:02:02 -0300] "GET /etiqueta.buscarProductos?producto=tes&tipoBusqueda=1 HTTP/1.1" 200 273 "http://mercado-artesanal.com.ar/ventas.php" "Mozilla/5.0 (X11; Ubuntu; Linux x86_64; rv:69.0) Gecko/20100101 Firefox/69.0"
45.5.0.3 - - [25/Mar/2021:14:02:02 -0300] "GET /etiqueta.buscarProductos?producto=test&tipoBusqueda=1 HTTP/1.1" 200 273 "http://mercado-artesanal.com.ar/ventas.php" "Mozilla/5.0 (X11; Ubuntu; Linux x86_64; rv:69.0) Gecko/20100101 Firefox/69.0"
45.5.0.3 - - [25/Mar/2021:14:02:06 -0300] "POST /ventas_post.php HTTP/1.1" 200 624 "http://mercado-artesanal.com.ar/ventas.php" "Mozilla/5.0 (X11; Ubuntu; Linux x86_64; rv:69.0) Gecko/20100101 Firefox/69.0"
45.5.0.3 - - [25/Mar/2021:14:02:06 -0300] "GET /storage/productos/images/3193/UuEekQX9xT288WV2x3mcG08c8supUudAWc8KBBeR.jpeg HTTP/1.1" 200 27880 "http://mercado-artesanal.com.ar/ventas.php" "Mozilla/5.0 (X11; Ubuntu; Linux x86_64; rv:69.0) Gecko/20100101 Firefox/69.0"
45.5.0.3 - - [25/Mar/2021:14:02:20 -0300] "POST /emitir_online.php HTTP/1.1" 200 - "http://mercado-artesanal.com.ar/ventas.php" "Mozilla/5.0 (X11; Ubuntu; Linux x86_64; rv:69.0) Gecko/20100101 Firefox/69.0"
170.78.75.240 - - [25/Mar/2021:14:02:25 -0300] "GET /assets/perfil/20190524111724-54396137.jpeg HTTP/1.1" 200 97810 "-" "-"
170.78.75.240 - - [25/Mar/2021:14:02:25 -0300] "GET /assets/perfil/20190524111724-54396137.jpeg HTTP/1.1" 200 97810 "-" "-"
170.78.75.240 - - [25/Mar/2021:14:02:25 -0300] "GET /assets/perfil/20190524111724-54396137.jpeg HTTP/1.1" 200 97810 "-" "-"
170.78.75.240 - - [25/Mar/2021:14:02:25 -0300] "GET /assets/perfil/20190524111724-54396137.jpeg HTTP/1.1" 200 97810 "-" "-"
170.78.75.240 - - [25/Mar/2021:14:02:25 -0300] "GET /assets/perfil/20190524111724-54396137.jpeg HTTP/1.1" 200 97810 "-" "-"
170.78.75.240 - - [25/Mar/2021:14:02:25 -0300] "GET /assets/perfil/20190524111724-54396137.jpeg HTTP/1.1" 200 97810 "-" "tc-lib-file"
170.78.75.240 - - [25/Mar/2021:14:02:26 -0300] "GET /assets/perfil/20190524111724-54396137.jpeg HTTP/1.1" 200 97810 "-" "-"
170.78.75.240 - - [25/Mar/2021:14:02:26 -0300] "GET /assets/perfil/20190524111724-54396137.jpeg HTTP/1.1" 200 97810 "-" "-"
170.78.75.240 - - [25/Mar/2021:14:02:26 -0300] "GET /assets/perfil/20190524111724-54396137.jpeg HTTP/1.1" 200 97810 "-" "-"
170.78.75.240 - - [25/Mar/2021:14:02:26 -0300] "GET /assets/perfil/20190524111724-54396137.jpeg HTTP/1.1" 200 97810 "-" "-"
170.78.75.240 - - [25/Mar/2021:14:02:26 -0300] "GET /assets/perfil/20190524111724-54396137.jpeg HTTP/1.1" 200 97810 "-" "-"
170.78.75.240 - - [25/Mar/2021:14:02:26 -0300] "GET /assets/perfil/20190524111724-54396137.jpeg HTTP/1.1" 200 97810 "-" "tc-lib-file"
45.5.0.3 - - [25/Mar/2021:14:02:25 -0300] "GET /facturar.php?tipo=1&presupuesto=1&nombre=secretaria%20general%20de%20gobierno&documento=30672874315&tipo-documento=80&fecha-facturacion=2021-03-25&iva=3&clientes_id=&direccion=&venta_id=632224&descontar_stock=1 HTTP/1.1" 200 40 "http://mercado-artesanal.com.ar/ventas.php" "Mozilla/5.0 (X11; Ubuntu; Linux x86_64; rv:69.0) Gecko/20100101 Firefox/69.0"
45.5.0.3 - - [25/Mar/2021:14:02:26 -0300] "GET /presupuesto/20__576.pdf HTTP/1.1" 200 238096 "http://mercado-artesanal.com.ar/ventas.php" "Mozilla/5.0 (X11; Ubuntu; Linux x86_64; rv:69.0) Gecko/20100101 Firefox/69.0"
181.20.71.92 - - [25/Mar/2021:14:02:36 -0300] "GET /login.php HTTP/1.1" 200 2111 "http://mercado-artesanal.com.ar/ventas.php" "Mozilla/5.0 (Windows NT 5.1) AppleWebKit/537.36 (KHTML, like Gecko) Chrome/49.0.2623.112 Safari/537.36"
45.5.0.3 - - [25/Mar/2021:14:02:45 -0300] "POST /emitir_online.php HTTP/1.1" 200 - "http://mercado-artesanal.com.ar/ventas.php" "Mozilla/5.0 (X11; Ubuntu; Linux x86_64; rv:69.0) Gecko/20100101 Firefox/69.0"
66.102.8.127 - - [25/Mar/2021:14:02:48 -0300] "GET /assets/perfil/20190524111724-54396137.jpeg HTTP/1.1" 200 97810 "-" "Mozilla/5.0 (Windows NT 5.1; rv:11.0) Gecko Firefox/11.0 (via ggpht.com GoogleImageProxy)"
45.5.0.3 - - [25/Mar/2021:14:02:50 -0300] "POST /emitir_online.php HTTP/1.1" 200 - "http://mercado-artesanal.com.ar/ventas.php" "Mozilla/5.0 (X11; Ubuntu; Linux x86_64; rv:69.0) Gecko/20100101 Firefox/69.0"
45.5.0.3 - - [25/Mar/2021:14:03:18 -0300] "GET /facturas/20_71128736787167_000058.pdf HTTP/1.1" 200 239006 "-" "Mozilla/5.0 (Windows NT 6.3; Win64; x64; rv:57.0) Gecko/20100101 Firefox/57.0"
45.5.0.3 - - [25/Mar/2021:14:03:18 -0300] "GET /favicon.ico HTTP/1.1" 200 - "-" "Mozilla/5.0 (Windows NT 6.3; Win64; x64; rv:57.0) Gecko/20100101 Firefox/57.0"
190.13.226.198 - - [25/Mar/2021:14:03:20 -0300] "GET /facturas/20_71128736787167_000058.pdf HTTP/1.1" 200 239006 "-" "Mozilla/5.0 (Windows NT 10.0; Win64; x64) AppleWebKit/537.36 (KHTML, like Gecko) Chrome/83.0.4103.116 Safari/537.36"
181.20.71.92 - - [25/Mar/2021:14:08:54 -0300] "GET /facturas/21_71128588938349_000002.pdf HTTP/1.1" 304 - "-" "Mozilla/5.0 (Windows NT 5.1) AppleWebKit/537.36 (KHTML, like Gecko) Chrome/49.0.2623.112 Safari/537.36"
181.20.71.92 - - [25/Mar/2021:14:10:29 -0300] "GET / HTTP/1.1" 302 408 "-" "Mozilla/5.0 (Windows NT 5.1) AppleWebKit/537.36 (KHTML, like Gecko) Chrome/49.0.2623.112 Safari/537.36"
181.20.71.92 - - [25/Mar/2021:14:10:31 -0300] "GET /login.php HTTP/1.1" 200 2111 "-" "Mozilla/5.0 (Windows NT 5.1) AppleWebKit/537.36 (KHTML, like Gecko) Chrome/49.0.2623.112 Safari/537.36"
181.20.71.92 - - [25/Mar/2021:14:10:42 -0300] "POST /login.php HTTP/1.1" 302 7369 "http://mercado-artesanal.com.ar/login.php" "Mozilla/5.0 (Windows NT 5.1) AppleWebKit/537.36 (KHTML, like Gecko) Chrome/49.0.2623.112 Safari/537.36"
181.20.71.92 - - [25/Mar/2021:14:10:43 -0300] "GET /ventas.php HTTP/1.1" 200 6925 "http://mercado-artesanal.com.ar/login.php" "Mozilla/5.0 (Windows NT 5.1) AppleWebKit/537.36 (KHTML, like Gecko) Chrome/49.0.2623.112 Safari/537.36"
181.20.71.92 - - [25/Mar/2021:14:10:43 -0300] "GET /assets/js/pages/ventas.js?v=1882931956 HTTP/1.1" 200 3268 "http://mercado-artesanal.com.ar/ventas.php" "Mozilla/5.0 (Windows NT 5.1) AppleWebKit/537.36 (KHTML, like Gecko) Chrome/49.0.2623.112 Safari/537.36"
181.20.71.92 - - [25/Mar/2021:14:10:44 -0300] "GET /storage/productos/images/3193/thumb_300x300_UuEekQX9xT288WV2x3mcG08c8supUudAWc8KBBeR.jpeg HTTP/1.1" 200 22947 "http://mercado-artesanal.com.ar/ventas.php" "Mozilla/5.0 (Windows NT 5.1) AppleWebKit/537.36 (KHTML, like Gecko) Chrome/49.0.2623.112 Safari/537.36"
181.20.71.92 - - [25/Mar/2021:14:11:05 -0300] "GET /ventas.php HTTP/1.1" 200 6926 "http://mercado-artesanal.com.ar/ventas.php" "Mozilla/5.0 (Windows NT 5.1) AppleWebKit/537.36 (KHTML, like Gecko) Chrome/49.0.2623.112 Safari/537.36"
181.20.71.92 - - [25/Mar/2021:14:11:05 -0300] "GET /assets/js/pages/ventas.js?v=1890944924 HTTP/1.1" 200 3268 "http://mercado-artesanal.com.ar/ventas.php" "Mozilla/5.0 (Windows NT 5.1) AppleWebKit/537.36 (KHTML, like Gecko) Chrome/49.0.2623.112 Safari/537.36"
181.20.71.92 - - [25/Mar/2021:14:11:19 -0300] "GET /cerrar_session.php HTTP/1.1" 302 - "http://mercado-artesanal.com.ar/ventas.php" "Mozilla/5.0 (Windows NT 5.1) AppleWebKit/537.36 (KHTML, like Gecko) Chrome/49.0.2623.112 Safari/537.36"
181.20.71.92 - - [25/Mar/2021:14:11:20 -0300] "GET / HTTP/1.1" 302 408 "http://mercado-artesanal.com.ar/ventas.php" "Mozilla/5.0 (Windows NT 5.1) AppleWebKit/537.36 (KHTML, like Gecko) Chrome/49.0.2623.112 Safari/537.36"
181.20.71.92 - - [25/Mar/2021:14:11:20 -0300] "GET /login.php HTTP/1.1" 200 2111 "http://mercado-artesanal.com.ar/ventas.php" "Mozilla/5.0 (Windows NT 5.1) AppleWebKit/537.36 (KHTML, like Gecko) Chrome/49.0.2623.112 Safari/537.36"
45.5.0.3 - - [25/Mar/2021:14:13:59 -0300] "GET /cerrar_session.php HTTP/1.1" 302 - "http://mercado-artesanal.com.ar/ventas.php" "Mozilla/5.0 (X11; Ubuntu; Linux x86_64; rv:69.0) Gecko/20100101 Firefox/69.0"
45.5.0.3 - - [25/Mar/2021:14:13:59 -0300] "GET / HTTP/1.1" 302 408 "http://mercado-artesanal.com.ar/ventas.php" "Mozilla/5.0 (X11; Ubuntu; Linux x86_64; rv:69.0) Gecko/20100101 Firefox/69.0"
45.5.0.3 - - [25/Mar/2021:14:13:59 -0300] "GET /login.php HTTP/1.1" 200 2111 "http://mercado-artesanal.com.ar/ventas.php" "Mozilla/5.0 (X11; Ubuntu; Linux x86_64; rv:69.0) Gecko/20100101 Firefox/69.0"
45.5.0.3 - - [25/Mar/2021:14:36:11 -0300] "GET /cerrar_session.php HTTP/1.1" 302 - "http://mercado-artesanal.com.ar/carga" "Mozilla/5.0 (X11; Linux i686) AppleWebKit/537.36 (KHTML, like Gecko) Ubuntu Chromium/77.0.3865.90 Chrome/77.0.3865.90 Safari/537.36"
45.5.0.3 - - [25/Mar/2021:14:36:11 -0300] "GET / HTTP/1.1" 302 408 "http://mercado-artesanal.com.ar/carga" "Mozilla/5.0 (X11; Linux i686) AppleWebKit/537.36 (KHTML, like Gecko) Ubuntu Chromium/77.0.3865.90 Chrome/77.0.3865.90 Safari/537.36"
45.5.0.3 - - [25/Mar/2021:14:36:11 -0300] "GET /login.php HTTP/1.1" 200 2111 "http://mercado-artesanal.com.ar/carga" "Mozilla/5.0 (X11; Linux i686) AppleWebKit/537.36 (KHTML, like Gecko) Ubuntu Chromium/77.0.3865.90 Chrome/77.0.3865.90 Safari/537.36"
181.20.71.92 - - [25/Mar/2021:15:22:49 -0300] "GET / HTTP/1.1" 302 408 "-" "Mozilla/5.0 (Windows NT 5.1) AppleWebKit/537.36 (KHTML, like Gecko) Chrome/49.0.2623.112 Safari/537.36"
181.20.71.92 - - [25/Mar/2021:15:22:50 -0300] "GET /login.php HTTP/1.1" 200 2111 "-" "Mozilla/5.0 (Windows NT 5.1) AppleWebKit/537.36 (KHTML, like Gecko) Chrome/49.0.2623.112 Safari/537.36"
181.20.71.92 - - [25/Mar/2021:15:23:13 -0300] "POST /login.php HTTP/1.1" 302 7369 "http://mercado-artesanal.com.ar/login.php" "Mozilla/5.0 (Windows NT 5.1) AppleWebKit/537.36 (KHTML, like Gecko) Chrome/49.0.2623.112 Safari/537.36"
181.20.71.92 - - [25/Mar/2021:15:23:13 -0300] "GET /ventas.php HTTP/1.1" 200 6922 "http://mercado-artesanal.com.ar/login.php" "Mozilla/5.0 (Windows NT 5.1) AppleWebKit/537.36 (KHTML, like Gecko) Chrome/49.0.2623.112 Safari/537.36"
181.20.71.92 - - [25/Mar/2021:15:23:14 -0300] "GET /assets/js/pages/ventas.js?v=139456189 HTTP/1.1" 200 3268 "http://mercado-artesanal.com.ar/ventas.php" "Mozilla/5.0 (Windows NT 5.1) AppleWebKit/537.36 (KHTML, like Gecko) Chrome/49.0.2623.112 Safari/537.36"
181.20.71.92 - - [25/Mar/2021:16:27:03 -0300] "GET /cerrar_session.php HTTP/1.1" 302 - "http://mercado-artesanal.com.ar/ventas.php" "Mozilla/5.0 (Windows NT 5.1) AppleWebKit/537.36 (KHTML, like Gecko) Chrome/49.0.2623.112 Safari/537.36"
181.20.71.92 - - [25/Mar/2021:16:27:03 -0300] "GET / HTTP/1.1" 302 408 "http://mercado-artesanal.com.ar/ventas.php" "Mozilla/5.0 (Windows NT 5.1) AppleWebKit/537.36 (KHTML, like Gecko) Chrome/49.0.2623.112 Safari/537.36"
181.20.71.92 - - [25/Mar/2021:16:27:03 -0300] "GET /login.php HTTP/1.1" 200 2111 "http://mercado-artesanal.com.ar/ventas.php" "Mozilla/5.0 (Windows NT 5.1) AppleWebKit/537.36 (KHTML, like Gecko) Chrome/49.0.2623.112 Safari/537.36"
186.12.188.91 - - [25/Mar/2021:17:41:11 -0300] "GET / HTTP/1.1" 302 408 "-" "-"
186.12.188.91 - - [25/Mar/2021:17:41:12 -0300] "GET /login.php HTTP/1.1" 200 7369 "-" "-"
34.222.177.213 - - [25/Mar/2021:18:34:01 -0300] "GET / HTTP/1.1" 302 408 "-" "Mozilla/5.0 (Macintosh; Intel Mac OS X 10_8_3) AppleWebKit/537.31 (KHTML, like Gecko) Chrome/26.0.1410.65 Safari/537.31"
34.222.177.213 - - [25/Mar/2021:18:34:03 -0300] "GET /login.php HTTP/1.1" 200 2111 "-" "Mozilla/5.0 (Macintosh; Intel Mac OS X 10_8_3) AppleWebKit/537.31 (KHTML, like Gecko) Chrome/26.0.1410.65 Safari/537.31"
201.254.145.14 - - [25/Mar/2021:18:36:18 -0300] "GET / HTTP/1.1" 302 424 "-" "Mozilla/5.0 (X11; Linux i686) AppleWebKit/537.36 (KHTML, like Gecko) Chrome/39.0.2171.99 Safari/537.36"
201.254.145.14 - - [25/Mar/2021:18:36:18 -0300] "GET /login.php HTTP/1.1" 200 2111 "-" "Mozilla/5.0 (X11; Linux i686) AppleWebKit/537.36 (KHTML, like Gecko) Chrome/39.0.2171.99 Safari/537.36"
201.254.145.14 - - [25/Mar/2021:18:36:18 -0300] "GET /assets/css/bootstrap.min.css HTTP/1.1" 200 19705 "http://www.mercado-artesanal.com.ar/login.php" "Mozilla/5.0 (X11; Linux i686) AppleWebKit/537.36 (KHTML, like Gecko) Chrome/39.0.2171.99 Safari/537.36"
